Archive member included to satisfy reference by file (symbol)

d:/st/stm32cubeide_1.9.0/stm32cubeide/plugins/com.st.stm32cube.ide.mcu.externaltools.gnu-tools-for-stm32.10.3-2021.10.win32_1.0.0.202111181127/tools/bin/../lib/gcc/arm-none-eabi/10.3.1/../../../../arm-none-eabi/lib/thumb/v7-m/nofp\libc_nano.a(lib_a-errno.o)
                              ./Core/Src/syscalls.o (__errno)
d:/st/stm32cubeide_1.9.0/stm32cubeide/plugins/com.st.stm32cube.ide.mcu.externaltools.gnu-tools-for-stm32.10.3-2021.10.win32_1.0.0.202111181127/tools/bin/../lib/gcc/arm-none-eabi/10.3.1/../../../../arm-none-eabi/lib/thumb/v7-m/nofp\libc_nano.a(lib_a-exit.o)
                              d:/st/stm32cubeide_1.9.0/stm32cubeide/plugins/com.st.stm32cube.ide.mcu.externaltools.gnu-tools-for-stm32.10.3-2021.10.win32_1.0.0.202111181127/tools/bin/../lib/gcc/arm-none-eabi/10.3.1/../../../../arm-none-eabi/lib/thumb/v7-m/nofp/crt0.o (exit)
d:/st/stm32cubeide_1.9.0/stm32cubeide/plugins/com.st.stm32cube.ide.mcu.externaltools.gnu-tools-for-stm32.10.3-2021.10.win32_1.0.0.202111181127/tools/bin/../lib/gcc/arm-none-eabi/10.3.1/../../../../arm-none-eabi/lib/thumb/v7-m/nofp\libc_nano.a(lib_a-impure.o)
                              d:/st/stm32cubeide_1.9.0/stm32cubeide/plugins/com.st.stm32cube.ide.mcu.externaltools.gnu-tools-for-stm32.10.3-2021.10.win32_1.0.0.202111181127/tools/bin/../lib/gcc/arm-none-eabi/10.3.1/../../../../arm-none-eabi/lib/thumb/v7-m/nofp\libc_nano.a(lib_a-exit.o) (_global_impure_ptr)
d:/st/stm32cubeide_1.9.0/stm32cubeide/plugins/com.st.stm32cube.ide.mcu.externaltools.gnu-tools-for-stm32.10.3-2021.10.win32_1.0.0.202111181127/tools/bin/../lib/gcc/arm-none-eabi/10.3.1/../../../../arm-none-eabi/lib/thumb/v7-m/nofp\libc_nano.a(lib_a-init.o)
                              d:/st/stm32cubeide_1.9.0/stm32cubeide/plugins/com.st.stm32cube.ide.mcu.externaltools.gnu-tools-for-stm32.10.3-2021.10.win32_1.0.0.202111181127/tools/bin/../lib/gcc/arm-none-eabi/10.3.1/../../../../arm-none-eabi/lib/thumb/v7-m/nofp/crt0.o (__libc_init_array)
d:/st/stm32cubeide_1.9.0/stm32cubeide/plugins/com.st.stm32cube.ide.mcu.externaltools.gnu-tools-for-stm32.10.3-2021.10.win32_1.0.0.202111181127/tools/bin/../lib/gcc/arm-none-eabi/10.3.1/../../../../arm-none-eabi/lib/thumb/v7-m/nofp\libc_nano.a(lib_a-memset.o)
                              d:/st/stm32cubeide_1.9.0/stm32cubeide/plugins/com.st.stm32cube.ide.mcu.externaltools.gnu-tools-for-stm32.10.3-2021.10.win32_1.0.0.202111181127/tools/bin/../lib/gcc/arm-none-eabi/10.3.1/../../../../arm-none-eabi/lib/thumb/v7-m/nofp/crt0.o (memset)

Discarded input sections

 .text          0x0000000000000000        0x0 d:/st/stm32cubeide_1.9.0/stm32cubeide/plugins/com.st.stm32cube.ide.mcu.externaltools.gnu-tools-for-stm32.10.3-2021.10.win32_1.0.0.202111181127/tools/bin/../lib/gcc/arm-none-eabi/10.3.1/thumb/v7-m/nofp/crti.o
 .data          0x0000000000000000        0x0 d:/st/stm32cubeide_1.9.0/stm32cubeide/plugins/com.st.stm32cube.ide.mcu.externaltools.gnu-tools-for-stm32.10.3-2021.10.win32_1.0.0.202111181127/tools/bin/../lib/gcc/arm-none-eabi/10.3.1/thumb/v7-m/nofp/crti.o
 .bss           0x0000000000000000        0x0 d:/st/stm32cubeide_1.9.0/stm32cubeide/plugins/com.st.stm32cube.ide.mcu.externaltools.gnu-tools-for-stm32.10.3-2021.10.win32_1.0.0.202111181127/tools/bin/../lib/gcc/arm-none-eabi/10.3.1/thumb/v7-m/nofp/crti.o
 .data          0x0000000000000000        0x4 d:/st/stm32cubeide_1.9.0/stm32cubeide/plugins/com.st.stm32cube.ide.mcu.externaltools.gnu-tools-for-stm32.10.3-2021.10.win32_1.0.0.202111181127/tools/bin/../lib/gcc/arm-none-eabi/10.3.1/thumb/v7-m/nofp/crtbegin.o
 .rodata        0x0000000000000000       0x24 d:/st/stm32cubeide_1.9.0/stm32cubeide/plugins/com.st.stm32cube.ide.mcu.externaltools.gnu-tools-for-stm32.10.3-2021.10.win32_1.0.0.202111181127/tools/bin/../lib/gcc/arm-none-eabi/10.3.1/thumb/v7-m/nofp/crtbegin.o
 .text          0x0000000000000000       0x7c d:/st/stm32cubeide_1.9.0/stm32cubeide/plugins/com.st.stm32cube.ide.mcu.externaltools.gnu-tools-for-stm32.10.3-2021.10.win32_1.0.0.202111181127/tools/bin/../lib/gcc/arm-none-eabi/10.3.1/../../../../arm-none-eabi/lib/thumb/v7-m/nofp/crt0.o
 .data          0x0000000000000000        0x0 d:/st/stm32cubeide_1.9.0/stm32cubeide/plugins/com.st.stm32cube.ide.mcu.externaltools.gnu-tools-for-stm32.10.3-2021.10.win32_1.0.0.202111181127/tools/bin/../lib/gcc/arm-none-eabi/10.3.1/../../../../arm-none-eabi/lib/thumb/v7-m/nofp/crt0.o
 .bss           0x0000000000000000        0x0 d:/st/stm32cubeide_1.9.0/stm32cubeide/plugins/com.st.stm32cube.ide.mcu.externaltools.gnu-tools-for-stm32.10.3-2021.10.win32_1.0.0.202111181127/tools/bin/../lib/gcc/arm-none-eabi/10.3.1/../../../../arm-none-eabi/lib/thumb/v7-m/nofp/crt0.o
[...]
Memory Configuration

Name             Origin             Length             Attributes
RAM              0x0000000020000000 0x0000000000005000 xrw
FLASH            0x0000000008000000 0x0000000000010000 xr
*default*        0x0000000000000000 0xffffffffffffffff

Linker script and memory map

LOAD d:/st/stm32cubeide_1.9.0/stm32cubeide/plugins/com.st.stm32cube.ide.mcu.externaltools.gnu-tools-for-stm32.10.3-2021.10.win32_1.0.0.202111181127/tools/bin/../lib/gcc/arm-none-eabi/10.3.1/thumb/v7-m/nofp/crti.o
LOAD d:/st/stm32cubeide_1.9.0/stm32cubeide/plugins/com.st.stm32cube.ide.mcu.externaltools.gnu-tools-for-stm32.10.3-2021.10.win32_1.0.0.202111181127/tools/bin/../lib/gcc/arm-none-eabi/10.3.1/thumb/v7-m/nofp/crtbegin.o
LOAD d:/st/stm32cubeide_1.9.0/stm32cubeide/plugins/com.st.stm32cube.ide.mcu.externaltools.gnu-tools-for-stm32.10.3-2021.10.win32_1.0.0.202111181127/tools/bin/../lib/gcc/arm-none-eabi/10.3.1/../../../../arm-none-eabi/lib/thumb/v7-m/nofp/crt0.o
LOAD ./Core/Src/main.o
LOAD ./Core/Src/stm32f1xx_hal_msp.o
LOAD ./Core/Src/stm32f1xx_it.o
LOAD ./Core/Src/syscalls.o
LOAD ./Core/Src/sysmem.o
LOAD ./Core/Src/system_stm32f1xx.o
LOAD ./Core/Startup/startup_stm32f103c8tx.o
LOAD ./Drivers/STM32F1xx_HAL_Driver/Src/stm32f1xx_hal.o
LOAD ./Drivers/STM32F1xx_HAL_Driver/Src/stm32f1xx_hal_cortex.o
LOAD ./Drivers/STM32F1xx_HAL_Driver/Src/stm32f1xx_hal_dma.o
LOAD ./Drivers/STM32F1xx_HAL_Driver/Src/stm32f1xx_hal_exti.o
LOAD ./Drivers/STM32F1xx_HAL_Driver/Src/stm32f1xx_hal_flash.o
LOAD ./Drivers/STM32F1xx_HAL_Driver/Src/stm32f1xx_hal_flash_ex.o
LOAD ./Drivers/STM32F1xx_HAL_Driver/Src/stm32f1xx_hal_gpio.o
LOAD ./Drivers/STM32F1xx_HAL_Driver/Src/stm32f1xx_hal_gpio_ex.o
LOAD ./Drivers/STM32F1xx_HAL_Driver/Src/stm32f1xx_hal_i2c.o
LOAD ./Drivers/STM32F1xx_HAL_Driver/Src/stm32f1xx_hal_pwr.o
LOAD ./Drivers/STM32F1xx_HAL_Driver/Src/stm32f1xx_hal_rcc.o
LOAD ./Drivers/STM32F1xx_HAL_Driver/Src/stm32f1xx_hal_rcc_ex.o
LOAD ./Drivers/STM32F1xx_HAL_Driver/Src/stm32f1xx_hal_spi.o
LOAD ./Drivers/STM32F1xx_HAL_Driver/Src/stm32f1xx_hal_tim.o
LOAD ./Drivers/STM32F1xx_HAL_Driver/Src/stm32f1xx_hal_tim_ex.o
LOAD ./Drivers/STM32F1xx_HAL_Driver/Src/stm32f1xx_hal_uart.o
LOAD ./icode/card/card.o
LOAD ./icode/key/key.o
LOAD ./icode/led/led.o
LOAD ./icode/oled/oled.o
LOAD ./icode/usart/usart.o
START GROUP
LOAD d:/st/stm32cubeide_1.9.0/stm32cubeide/plugins/com.st.stm32cube.ide.mcu.externaltools.gnu-tools-for-stm32.10.3-2021.10.win32_1.0.0.202111181127/tools/bin/../lib/gcc/arm-none-eabi/10.3.1/../../../../arm-none-eabi/lib/thumb/v7-m/nofp\libc_nano.a
LOAD d:/st/stm32cubeide_1.9.0/stm32cubeide/plugins/com.st.stm32cube.ide.mcu.externaltools.gnu-tools-for-stm32.10.3-2021.10.win32_1.0.0.202111181127/tools/bin/../lib/gcc/arm-none-eabi/10.3.1/../../../../arm-none-eabi/lib/thumb/v7-m/nofp\libm.a
END GROUP
START GROUP
LOAD d:/st/stm32cubeide_1.9.0/stm32cubeide/plugins/com.st.stm32cube.ide.mcu.externaltools.gnu-tools-for-stm32.10.3-2021.10.win32_1.0.0.202111181127/tools/bin/../lib/gcc/arm-none-eabi/10.3.1/thumb/v7-m/nofp\libgcc.a
LOAD d:/st/stm32cubeide_1.9.0/stm32cubeide/plugins/com.st.stm32cube.ide.mcu.externaltools.gnu-tools-for-stm32.10.3-2021.10.win32_1.0.0.202111181127/tools/bin/../lib/gcc/arm-none-eabi/10.3.1/../../../../arm-none-eabi/lib/thumb/v7-m/nofp\libc_nano.a
END GROUP
START GROUP
LOAD d:/st/stm32cubeide_1.9.0/stm32cubeide/plugins/com.st.stm32cube.ide.mcu.externaltools.gnu-tools-for-stm32.10.3-2021.10.win32_1.0.0.202111181127/tools/bin/../lib/gcc/arm-none-eabi/10.3.1/thumb/v7-m/nofp\libgcc.a
LOAD d:/st/stm32cubeide_1.9.0/stm32cubeide/plugins/com.st.stm32cube.ide.mcu.externaltools.gnu-tools-for-stm32.10.3-2021.10.win32_1.0.0.202111181127/tools/bin/../lib/gcc/arm-none-eabi/10.3.1/../../../../arm-none-eabi/lib/thumb/v7-m/nofp\libc_nano.a
LOAD d:/st/stm32cubeide_1.9.0/stm32cubeide/plugins/com.st.stm32cube.ide.mcu.externaltools.gnu-tools-for-stm32.10.3-2021.10.win32_1.0.0.202111181127/tools/bin/../lib/gcc/arm-none-eabi/10.3.1/../../../../arm-none-eabi/lib/thumb/v7-m/nofp\libnosys.a
END GROUP
START GROUP
LOAD d:/st/stm32cubeide_1.9.0/stm32cubeide/plugins/com.st.stm32cube.ide.mcu.externaltools.gnu-tools-for-stm32.10.3-2021.10.win32_1.0.0.202111181127/tools/bin/../lib/gcc/arm-none-eabi/10.3.1/thumb/v7-m/nofp\libgcc.a
LOAD d:/st/stm32cubeide_1.9.0/stm32cubeide/plugins/com.st.stm32cube.ide.mcu.externaltools.gnu-tools-for-stm32.10.3-2021.10.win32_1.0.0.202111181127/tools/bin/../lib/gcc/arm-none-eabi/10.3.1/../../../../arm-none-eabi/lib/thumb/v7-m/nofp\libc_nano.a
LOAD d:/st/stm32cubeide_1.9.0/stm32cubeide/plugins/com.st.stm32cube.ide.mcu.externaltools.gnu-tools-for-stm32.10.3-2021.10.win32_1.0.0.202111181127/tools/bin/../lib/gcc/arm-none-eabi/10.3.1/../../../../arm-none-eabi/lib/thumb/v7-m/nofp\libnosys.a
END GROUP
LOAD d:/st/stm32cubeide_1.9.0/stm32cubeide/plugins/com.st.stm32cube.ide.mcu.externaltools.gnu-tools-for-stm32.10.3-2021.10.win32_1.0.0.202111181127/tools/bin/../lib/gcc/arm-none-eabi/10.3.1/thumb/v7-m/nofp/crtend.o
LOAD d:/st/stm32cubeide_1.9.0/stm32cubeide/plugins/com.st.stm32cube.ide.mcu.externaltools.gnu-tools-for-stm32.10.3-2021.10.win32_1.0.0.202111181127/tools/bin/../lib/gcc/arm-none-eabi/10.3.1/thumb/v7-m/nofp/crtn.o
                0x0000000020005000                _estack = (ORIGIN (RAM) + LENGTH (RAM))
                0x0000000000000200                _Min_Heap_Size = 0x200
                0x0000000000000400                _Min_Stack_Size = 0x400

.isr_vector     0x0000000008000000      0x10c
                0x0000000008000000                . = ALIGN (0x4)
 *(.isr_vector)
 .isr_vector    0x0000000008000000      0x10c ./Core/Startup/startup_stm32f103c8tx.o
                0x0000000008000000                g_pfnVectors
                0x000000000800010c                . = ALIGN (0x4)

.text           0x000000000800010c     0x3790
                0x000000000800010c                . = ALIGN (0x4)
 *(.text)
 .text          0x000000000800010c       0x40 d:/st/stm32cubeide_1.9.0/stm32cubeide/plugins/com.st.stm32cube.ide.mcu.externaltools.gnu-tools-for-stm32.10.3-2021.10.win32_1.0.0.202111181127/tools/bin/../lib/gcc/arm-none-eabi/10.3.1/thumb/v7-m/nofp/crtbegin.o
 *(.text*)
 .text.HAL_GPIO_EXTI_Callback
                0x000000000800014c       0x1e ./Core/Src/main.o
                0x000000000800014c                HAL_GPIO_EXTI_Callback
 *fill*         0x000000000800016a        0x2 
 .text.Draw     0x000000000800016c      0x250 ./Core/Src/main.o
                0x000000000800016c                Draw
 .text.main     0x00000000080003bc      0x1c8 ./Core/Src/main.o
                0x00000000080003bc                main
 .text.SystemClock_Config
                0x0000000008000584       0x8a ./Core/Src/main.o
                0x0000000008000584                SystemClock_Config
 *fill*         0x000000000800060e        0x2 
 .text.MX_I2C1_Init
                0x0000000008000610       0x5c ./Core/Src/main.o
 .text.MX_SPI2_Init
                0x000000000800066c       0x6c ./Core/Src/main.o
 .text.MX_USART1_UART_Init
                0x00000000080006d8       0x54 ./Core/Src/main.o
 .text.MX_GPIO_Init
                0x000000000800072c      0x114 ./Core/Src/main.o
 .text.Error_Handler
                0x0000000008000840        0xa ./Core/Src/main.o
                0x0000000008000840                Error_Handler
 *fill*         0x000000000800084a        0x2 
 .text.HAL_MspInit
                0x000000000800084c       0x64 ./Core/Src/stm32f1xx_hal_msp.o
                0x000000000800084c                HAL_MspInit
 .text.HAL_I2C_MspInit
                0x00000000080008b0       0x7c ./Core/Src/stm32f1xx_hal_msp.o
                0x00000000080008b0                HAL_I2C_MspInit
 .text.HAL_SPI_MspInit
                0x000000000800092c       0x98 ./Core/Src/stm32f1xx_hal_msp.o
                0x000000000800092c                HAL_SPI_MspInit
 .text.HAL_UART_MspInit
                0x00000000080009c4       0xa8 ./Core/Src/stm32f1xx_hal_msp.o
                0x00000000080009c4                HAL_UART_MspInit
 .text.NMI_Handler
                0x0000000008000a6c        0x6 ./Core/Src/stm32f1xx_it.o
                0x0000000008000a6c                NMI_Handler
 .text.HardFault_Handler
                0x0000000008000a72        0x6 ./Core/Src/stm32f1xx_it.o
                0x0000000008000a72                HardFault_Handler
 .text.MemManage_Handler
                0x0000000008000a78        0x6 ./Core/Src/stm32f1xx_it.o
                0x0000000008000a78                MemManage_Handler
 .text.BusFault_Handler
                0x0000000008000a7e        0x6 ./Core/Src/stm32f1xx_it.o
                0x0000000008000a7e                BusFault_Handler
 .text.UsageFault_Handler
                0x0000000008000a84        0x6 ./Core/Src/stm32f1xx_it.o
                0x0000000008000a84                UsageFault_Handler
 .text.SVC_Handler
                0x0000000008000a8a        0xc ./Core/Src/stm32f1xx_it.o
                0x0000000008000a8a                SVC_Handler
 .text.DebugMon_Handler
                0x0000000008000a96        0xc ./Core/Src/stm32f1xx_it.o
                0x0000000008000a96                DebugMon_Handler
 .text.PendSV_Handler
                0x0000000008000aa2        0xc ./Core/Src/stm32f1xx_it.o
                0x0000000008000aa2                PendSV_Handler
 .text.SysTick_Handler
                0x0000000008000aae        0xc ./Core/Src/stm32f1xx_it.o
                0x0000000008000aae                SysTick_Handler
 *fill*         0x0000000008000aba        0x2 
 .text.USART1_IRQHandler
                0x0000000008000abc       0x14 ./Core/Src/stm32f1xx_it.o
                0x0000000008000abc                USART1_IRQHandler
 .text.EXTI15_10_IRQHandler
                0x0000000008000ad0       0x10 ./Core/Src/stm32f1xx_it.o
                0x0000000008000ad0                EXTI15_10_IRQHandler
 .text.SystemInit
                0x0000000008000ae0        0xc ./Core/Src/system_stm32f1xx.o
                0x0000000008000ae0                SystemInit
 .text.Reset_Handler
                0x0000000008000aec       0x48 ./Core/Startup/startup_stm32f103c8tx.o
                0x0000000008000aec                Reset_Handler
 .text.Default_Handler
                0x0000000008000b34        0x2 ./Core/Startup/startup_stm32f103c8tx.o
                0x0000000008000b34                RTC_Alarm_IRQHandler
                0x0000000008000b34                EXTI2_IRQHandler
                0x0000000008000b34                TIM1_CC_IRQHandler
                0x0000000008000b34                PVD_IRQHandler
                0x0000000008000b34                EXTI3_IRQHandler
                0x0000000008000b34                EXTI0_IRQHandler
                0x0000000008000b34                I2C2_EV_IRQHandler
                0x0000000008000b34                ADC1_2_IRQHandler
                0x0000000008000b34                SPI1_IRQHandler
                0x0000000008000b34                TAMPER_IRQHandler
                0x0000000008000b34                DMA1_Channel4_IRQHandler
                0x0000000008000b34                USART3_IRQHandler
                0x0000000008000b34                RTC_IRQHandler
                0x0000000008000b34                DMA1_Channel7_IRQHandler
                0x0000000008000b34                CAN1_RX1_IRQHandler
                0x0000000008000b34                TIM4_IRQHandler
                0x0000000008000b34                I2C1_EV_IRQHandler
                0x0000000008000b34                DMA1_Channel6_IRQHandler
                0x0000000008000b34                TIM3_IRQHandler
                0x0000000008000b34                RCC_IRQHandler
                0x0000000008000b34                TIM1_TRG_COM_IRQHandler
                0x0000000008000b34                DMA1_Channel1_IRQHandler
                0x0000000008000b34                Default_Handler
                0x0000000008000b34                EXTI9_5_IRQHandler
                0x0000000008000b34                SPI2_IRQHandler
                0x0000000008000b34                DMA1_Channel5_IRQHandler
                0x0000000008000b34                EXTI4_IRQHandler
                0x0000000008000b34                USB_LP_CAN1_RX0_IRQHandler
                0x0000000008000b34                USB_HP_CAN1_TX_IRQHandler
                0x0000000008000b34                DMA1_Channel3_IRQHandler
                0x0000000008000b34                TIM1_UP_IRQHandler
                0x0000000008000b34                WWDG_IRQHandler
                0x0000000008000b34                TIM2_IRQHandler
                0x0000000008000b34                TIM1_BRK_IRQHandler
                0x0000000008000b34                EXTI1_IRQHandler
                0x0000000008000b34                USART2_IRQHandler
                0x0000000008000b34                I2C2_ER_IRQHandler
                0x0000000008000b34                DMA1_Channel2_IRQHandler
                0x0000000008000b34                CAN1_SCE_IRQHandler
                0x0000000008000b34                FLASH_IRQHandler
                0x0000000008000b34                I2C1_ER_IRQHandler
                0x0000000008000b34                USBWakeUp_IRQHandler
 *fill*         0x0000000008000b36        0x2 
 .text.HAL_Init
                0x0000000008000b38       0x2c ./Drivers/STM32F1xx_HAL_Driver/Src/stm32f1xx_hal.o
                0x0000000008000b38                HAL_Init
 .text.HAL_InitTick
                0x0000000008000b64       0x60 ./Drivers/STM32F1xx_HAL_Driver/Src/stm32f1xx_hal.o
                0x0000000008000b64                HAL_InitTick
 .text.HAL_IncTick
                0x0000000008000bc4       0x24 ./Drivers/STM32F1xx_HAL_Driver/Src/stm32f1xx_hal.o
                0x0000000008000bc4                HAL_IncTick
 .text.HAL_GetTick
                0x0000000008000be8       0x14 ./Drivers/STM32F1xx_HAL_Driver/Src/stm32f1xx_hal.o
                0x0000000008000be8                HAL_GetTick
 .text.HAL_Delay
                0x0000000008000bfc       0x48 ./Drivers/STM32F1xx_HAL_Driver/Src/stm32f1xx_hal.o
                0x0000000008000bfc                HAL_Delay
 .text.__NVIC_SetPriorityGrouping
                0x0000000008000c44       0x48 ./Drivers/STM32F1xx_HAL_Driver/Src/stm32f1xx_hal_cortex.o
 .text.__NVIC_GetPriorityGrouping
                0x0000000008000c8c       0x1c ./Drivers/STM32F1xx_HAL_Driver/Src/stm32f1xx_hal_cortex.o
 .text.__NVIC_EnableIRQ
                0x0000000008000ca8       0x38 ./Drivers/STM32F1xx_HAL_Driver/Src/stm32f1xx_hal_cortex.o
 .text.__NVIC_SetPriority
                0x0000000008000ce0       0x54 ./Drivers/STM32F1xx_HAL_Driver/Src/stm32f1xx_hal_cortex.o
 .text.NVIC_EncodePriority
                0x0000000008000d34       0x64 ./Drivers/STM32F1xx_HAL_Driver/Src/stm32f1xx_hal_cortex.o
 .text.SysTick_Config
                0x0000000008000d98       0x44 ./Drivers/STM32F1xx_HAL_Driver/Src/stm32f1xx_hal_cortex.o
 .text.HAL_NVIC_SetPriorityGrouping
                0x0000000008000ddc       0x16 ./Drivers/STM32F1xx_HAL_Driver/Src/stm32f1xx_hal_cortex.o
                0x0000000008000ddc                HAL_NVIC_SetPriorityGrouping
 .text.HAL_NVIC_SetPriority
                0x0000000008000df2       0x38 ./Drivers/STM32F1xx_HAL_Driver/Src/stm32f1xx_hal_cortex.o
                0x0000000008000df2                HAL_NVIC_SetPriority
 .text.HAL_NVIC_EnableIRQ
                0x0000000008000e2a       0x1c ./Drivers/STM32F1xx_HAL_Driver/Src/stm32f1xx_hal_cortex.o
                0x0000000008000e2a                HAL_NVIC_EnableIRQ
 .text.HAL_SYSTICK_Config
                0x0000000008000e46       0x18 ./Drivers/STM32F1xx_HAL_Driver/Src/stm32f1xx_hal_cortex.o
                0x0000000008000e46                HAL_SYSTICK_Config
 .text.HAL_DMA_Abort
                0x0000000008000e5e       0x74 ./Drivers/STM32F1xx_HAL_Driver/Src/stm32f1xx_hal_dma.o
                0x0000000008000e5e                HAL_DMA_Abort
 *fill*         0x0000000008000ed2        0x2 
 .text.HAL_DMA_Abort_IT
                0x0000000008000ed4       0xec ./Drivers/STM32F1xx_HAL_Driver/Src/stm32f1xx_hal_dma.o
                0x0000000008000ed4                HAL_DMA_Abort_IT
 .text.HAL_GPIO_Init
                0x0000000008000fc0      0x308 ./Drivers/STM32F1xx_HAL_Driver/Src/stm32f1xx_hal_gpio.o
                0x0000000008000fc0                HAL_GPIO_Init
 .text.HAL_GPIO_ReadPin
                0x00000000080012c8       0x2e ./Drivers/STM32F1xx_HAL_Driver/Src/stm32f1xx_hal_gpio.o
                0x00000000080012c8                HAL_GPIO_ReadPin
 .text.HAL_GPIO_WritePin
                0x00000000080012f6       0x30 ./Drivers/STM32F1xx_HAL_Driver/Src/stm32f1xx_hal_gpio.o
                0x00000000080012f6                HAL_GPIO_WritePin
 *fill*         0x0000000008001326        0x2 
 .text.HAL_GPIO_EXTI_IRQHandler
                0x0000000008001328       0x30 ./Drivers/STM32F1xx_HAL_Driver/Src/stm32f1xx_hal_gpio.o
                0x0000000008001328                HAL_GPIO_EXTI_IRQHandler
 .text.HAL_I2C_Init
                0x0000000008001358      0x288 ./Drivers/STM32F1xx_HAL_Driver/Src/stm32f1xx_hal_i2c.o
                0x0000000008001358                HAL_I2C_Init
 .text.HAL_I2C_Mem_Write
                0x00000000080015e0      0x1f4 ./Drivers/STM32F1xx_HAL_Driver/Src/stm32f1xx_hal_i2c.o
                0x00000000080015e0                HAL_I2C_Mem_Write
 .text.I2C_RequestMemoryWrite
                0x00000000080017d4      0x12c ./Drivers/STM32F1xx_HAL_Driver/Src/stm32f1xx_hal_i2c.o
 .text.I2C_WaitOnFlagUntilTimeout
                0x0000000008001900       0xae ./Drivers/STM32F1xx_HAL_Driver/Src/stm32f1xx_hal_i2c.o
 .text.I2C_WaitOnMasterAddressFlagUntilTimeout
                0x00000000080019ae       0xfe ./Drivers/STM32F1xx_HAL_Driver/Src/stm32f1xx_hal_i2c.o
 .text.I2C_WaitOnTXEFlagUntilTimeout
                0x0000000008001aac       0x82 ./Drivers/STM32F1xx_HAL_Driver/Src/stm32f1xx_hal_i2c.o
 .text.I2C_WaitOnBTFFlagUntilTimeout
                0x0000000008001b2e       0x82 ./Drivers/STM32F1xx_HAL_Driver/Src/stm32f1xx_hal_i2c.o
 .text.I2C_IsAcknowledgeFailed
                0x0000000008001bb0       0x5c ./Drivers/STM32F1xx_HAL_Driver/Src/stm32f1xx_hal_i2c.o
 .text.HAL_RCC_OscConfig
                0x0000000008001c0c      0x504 ./Drivers/STM32F1xx_HAL_Driver/Src/stm32f1xx_hal_rcc.o
                0x0000000008001c0c                HAL_RCC_OscConfig
 .text.HAL_RCC_ClockConfig
                0x0000000008002110      0x1d4 ./Drivers/STM32F1xx_HAL_Driver/Src/stm32f1xx_hal_rcc.o
                0x0000000008002110                HAL_RCC_ClockConfig
 .text.HAL_RCC_GetSysClockFreq
                0x00000000080022e4       0xbc ./Drivers/STM32F1xx_HAL_Driver/Src/stm32f1xx_hal_rcc.o
                0x00000000080022e4                HAL_RCC_GetSysClockFreq
 .text.HAL_RCC_GetHCLKFreq
                0x00000000080023a0       0x14 ./Drivers/STM32F1xx_HAL_Driver/Src/stm32f1xx_hal_rcc.o
                0x00000000080023a0                HAL_RCC_GetHCLKFreq
 .text.HAL_RCC_GetPCLK1Freq
                0x00000000080023b4       0x28 ./Drivers/STM32F1xx_HAL_Driver/Src/stm32f1xx_hal_rcc.o
                0x00000000080023b4                HAL_RCC_GetPCLK1Freq
 .text.HAL_RCC_GetPCLK2Freq
                0x00000000080023dc       0x28 ./Drivers/STM32F1xx_HAL_Driver/Src/stm32f1xx_hal_rcc.o
                0x00000000080023dc                HAL_RCC_GetPCLK2Freq
 .text.RCC_Delay
                0x0000000008002404       0x3c ./Drivers/STM32F1xx_HAL_Driver/Src/stm32f1xx_hal_rcc.o
 .text.HAL_SPI_Init
                0x0000000008002440      0x108 ./Drivers/STM32F1xx_HAL_Driver/Src/stm32f1xx_hal_spi.o
                0x0000000008002440                HAL_SPI_Init
 .text.HAL_SPI_TransmitReceive
                0x0000000008002548      0x344 ./Drivers/STM32F1xx_HAL_Driver/Src/stm32f1xx_hal_spi.o
                0x0000000008002548                HAL_SPI_TransmitReceive
 .text.SPI_WaitFlagStateUntilTimeout
                0x000000000800288c      0x110 ./Drivers/STM32F1xx_HAL_Driver/Src/stm32f1xx_hal_spi.o
 .text.SPI_EndRxTxTransaction
                0x000000000800299c       0x3c ./Drivers/STM32F1xx_HAL_Driver/Src/stm32f1xx_hal_spi.o
 .text.HAL_UART_Init
                0x00000000080029d8       0x9a ./Drivers/STM32F1xx_HAL_Driver/Src/stm32f1xx_hal_uart.o
                0x00000000080029d8                HAL_UART_Init
 *fill*         0x0000000008002a72        0x2 
 .text.HAL_UART_IRQHandler
                0x0000000008002a74      0x354 ./Drivers/STM32F1xx_HAL_Driver/Src/stm32f1xx_hal_uart.o
                0x0000000008002a74                HAL_UART_IRQHandler
 .text.HAL_UART_TxCpltCallback
                0x0000000008002dc8       0x12 ./Drivers/STM32F1xx_HAL_Driver/Src/stm32f1xx_hal_uart.o
                0x0000000008002dc8                HAL_UART_TxCpltCallback
 .text.HAL_UART_ErrorCallback
                0x0000000008002dda       0x12 ./Drivers/STM32F1xx_HAL_Driver/Src/stm32f1xx_hal_uart.o
                0x0000000008002dda                HAL_UART_ErrorCallback
 .text.HAL_UARTEx_RxEventCallback
                0x0000000008002dec       0x16 ./Drivers/STM32F1xx_HAL_Driver/Src/stm32f1xx_hal_uart.o
                0x0000000008002dec                HAL_UARTEx_RxEventCallback
 .text.UART_EndRxTransfer
                0x0000000008002e02       0x58 ./Drivers/STM32F1xx_HAL_Driver/Src/stm32f1xx_hal_uart.o
 .text.UART_DMAAbortOnError
                0x0000000008002e5a       0x28 ./Drivers/STM32F1xx_HAL_Driver/Src/stm32f1xx_hal_uart.o
 .text.UART_Transmit_IT
                0x0000000008002e82       0x9e ./Drivers/STM32F1xx_HAL_Driver/Src/stm32f1xx_hal_uart.o
 .text.UART_EndTransmit_IT
                0x0000000008002f20       0x30 ./Drivers/STM32F1xx_HAL_Driver/Src/stm32f1xx_hal_uart.o
 .text.UART_Receive_IT
                0x0000000008002f50      0x152 ./Drivers/STM32F1xx_HAL_Driver/Src/stm32f1xx_hal_uart.o
 *fill*         0x00000000080030a2        0x2 
 .text.UART_SetConfig
                0x00000000080030a4      0x11c ./Drivers/STM32F1xx_HAL_Driver/Src/stm32f1xx_hal_uart.o
 .text.SPI2_ReadWriteByte
                0x00000000080031c0       0x2c ./icode/card/card.o
                0x00000000080031c0                SPI2_ReadWriteByte
 .text.MEMCARD_CS
                0x00000000080031ec       0x38 ./icode/card/card.o
                0x00000000080031ec                MEMCARD_CS
 .text.ReadFrame
                0x0000000008003224       0xc2 ./icode/card/card.o
                0x0000000008003224                ReadFrame
 *fill*         0x00000000080032e6        0x2 
 .text.K2       0x00000000080032e8       0x50 ./icode/key/key.o
                0x00000000080032e8                K2
 .text.K3       0x0000000008003338       0x50 ./icode/key/key.o
                0x0000000008003338                K3
 .text.LED_ALL  0x0000000008003388       0x58 ./icode/led/led.o
                0x0000000008003388                LED_ALL
 .text.LED_2_Contrary
                0x00000000080033e0       0x28 ./icode/led/led.o
                0x00000000080033e0                LED_2_Contrary
 .text.OLED0561_Init
                0x0000000008003408       0x14 ./icode/oled/oled.o
                0x0000000008003408                OLED0561_Init
 .text.OLED_DISPLAY_ON
                0x000000000800341c       0x30 ./icode/oled/oled.o
                0x000000000800341c                OLED_DISPLAY_ON
 .text.OLED_DISPLAY_OFF
                0x000000000800344c       0x30 ./icode/oled/oled.o
                0x000000000800344c                OLED_DISPLAY_OFF
 .text.OLED_DISPLAY_CLEAR
                0x000000000800347c       0x5e ./icode/oled/oled.o
                0x000000000800347c                OLED_DISPLAY_CLEAR
 *fill*         0x00000000080034da        0x2 
 .text.OLED_DISPLAY_8x16
                0x00000000080034dc       0xac ./icode/oled/oled.o
                0x00000000080034dc                OLED_DISPLAY_8x16
 .text.OLED_DISPLAY_SJIS_8x8
                0x0000000008003588      0x174 ./icode/oled/oled.o
                0x0000000008003588                OLED_DISPLAY_SJIS_8x8
 .text.OLED_DISPLAY_8x16_BUFFER
                0x00000000080036fc       0x42 ./icode/oled/oled.o
                0x00000000080036fc                OLED_DISPLAY_8x16_BUFFER
 *fill*         0x000000000800373e        0x2 
 .text.I2C_SAND_BUFFER
                0x0000000008003740       0x40 ./icode/oled/oled.o
                0x0000000008003740                I2C_SAND_BUFFER
 .text.I2C_SAND_BYTE
                0x0000000008003780       0x3c ./icode/oled/oled.o
                0x0000000008003780                I2C_SAND_BYTE
 .text.HAL_UART_RxCpltCallback
                0x00000000080037bc       0x70 ./icode/usart/usart.o
                0x00000000080037bc                HAL_UART_RxCpltCallback
 .text.__libc_init_array
                0x000000000800382c       0x48 d:/st/stm32cubeide_1.9.0/stm32cubeide/plugins/com.st.stm32cube.ide.mcu.externaltools.gnu-tools-for-stm32.10.3-2021.10.win32_1.0.0.202111181127/tools/bin/../lib/gcc/arm-none-eabi/10.3.1/../../../../arm-none-eabi/lib/thumb/v7-m/nofp\libc_nano.a(lib_a-init.o)
                0x000000000800382c                __libc_init_array
 .text.memset   0x0000000008003874       0x10 d:/st/stm32cubeide_1.9.0/stm32cubeide/plugins/com.st.stm32cube.ide.mcu.externaltools.gnu-tools-for-stm32.10.3-2021.10.win32_1.0.0.202111181127/tools/bin/../lib/gcc/arm-none-eabi/10.3.1/../../../../arm-none-eabi/lib/thumb/v7-m/nofp\libc_nano.a(lib_a-memset.o)
                0x0000000008003874                memset
 *(.glue_7)
 .glue_7        0x0000000008003884        0x0 linker stubs
 *(.glue_7t)
 .glue_7t       0x0000000008003884        0x0 linker stubs
 *(.eh_frame)
 .eh_frame      0x0000000008003884        0x0 d:/st/stm32cubeide_1.9.0/stm32cubeide/plugins/com.st.stm32cube.ide.mcu.externaltools.gnu-tools-for-stm32.10.3-2021.10.win32_1.0.0.202111181127/tools/bin/../lib/gcc/arm-none-eabi/10.3.1/thumb/v7-m/nofp/crtbegin.o
 *(.init)
 .init          0x0000000008003884        0x4 d:/st/stm32cubeide_1.9.0/stm32cubeide/plugins/com.st.stm32cube.ide.mcu.externaltools.gnu-tools-for-stm32.10.3-2021.10.win32_1.0.0.202111181127/tools/bin/../lib/gcc/arm-none-eabi/10.3.1/thumb/v7-m/nofp/crti.o
                0x0000000008003884                _init
 .init          0x0000000008003888        0x8 d:/st/stm32cubeide_1.9.0/stm32cubeide/plugins/com.st.stm32cube.ide.mcu.externaltools.gnu-tools-for-stm32.10.3-2021.10.win32_1.0.0.202111181127/tools/bin/../lib/gcc/arm-none-eabi/10.3.1/thumb/v7-m/nofp/crtn.o
 *(.fini)
 .fini          0x0000000008003890        0x4 d:/st/stm32cubeide_1.9.0/stm32cubeide/plugins/com.st.stm32cube.ide.mcu.externaltools.gnu-tools-for-stm32.10.3-2021.10.win32_1.0.0.202111181127/tools/bin/../lib/gcc/arm-none-eabi/10.3.1/thumb/v7-m/nofp/crti.o
                0x0000000008003890                _fini
 .fini          0x0000000008003894        0x8 d:/st/stm32cubeide_1.9.0/stm32cubeide/plugins/com.st.stm32cube.ide.mcu.externaltools.gnu-tools-for-stm32.10.3-2021.10.win32_1.0.0.202111181127/tools/bin/../lib/gcc/arm-none-eabi/10.3.1/thumb/v7-m/nofp/crtn.o
                0x000000000800389c                . = ALIGN (0x4)
                0x000000000800389c                _etext = .

.vfp11_veneer   0x000000000800389c        0x0
 .vfp11_veneer  0x000000000800389c        0x0 linker stubs

.v4_bx          0x000000000800389c        0x0
 .v4_bx         0x000000000800389c        0x0 linker stubs

.iplt           0x000000000800389c        0x0
 .iplt          0x000000000800389c        0x0 d:/st/stm32cubeide_1.9.0/stm32cubeide/plugins/com.st.stm32cube.ide.mcu.externaltools.gnu-tools-for-stm32.10.3-2021.10.win32_1.0.0.202111181127/tools/bin/../lib/gcc/arm-none-eabi/10.3.1/thumb/v7-m/nofp/crtbegin.o

.rodata         0x000000000800389c     0x7d34
                0x000000000800389c                . = ALIGN (0x4)
 *(.rodata)
 .rodata        0x000000000800389c      0x109 ./Core/Src/main.o
 *fill*         0x00000000080039a5        0x3 
 .rodata        0x00000000080039a8       0x10 ./Drivers/STM32F1xx_HAL_Driver/Src/stm32f1xx_hal_rcc.o
 .rodata        0x00000000080039b8       0x1f ./icode/oled/oled.o
 *(.rodata*)
 *fill*         0x00000000080039d7        0x1 
 .rodata.AHBPrescTable
                0x00000000080039d8       0x10 ./Core/Src/system_stm32f1xx.o
                0x00000000080039d8                AHBPrescTable
 .rodata.APBPrescTable
                0x00000000080039e8        0x8 ./Core/Src/system_stm32f1xx.o
                0x00000000080039e8                APBPrescTable
 .rodata.MSKM_J1_FNT_start
                0x00000000080039f0     0x7be0 ./icode/oled/oled.o
                0x00000000080039f0                MSKM_J1_FNT_start
                0x000000000800b5d0                . = ALIGN (0x4)

.rel.dyn        0x000000000800b5d0        0x0
 .rel.iplt      0x000000000800b5d0        0x0 d:/st/stm32cubeide_1.9.0/stm32cubeide/plugins/com.st.stm32cube.ide.mcu.externaltools.gnu-tools-for-stm32.10.3-2021.10.win32_1.0.0.202111181127/tools/bin/../lib/gcc/arm-none-eabi/10.3.1/thumb/v7-m/nofp/crtbegin.o

.ARM.extab      0x000000000800b5d0        0x0
                0x000000000800b5d0                . = ALIGN (0x4)
 *(.ARM.extab* .gnu.linkonce.armextab.*)
                0x000000000800b5d0                . = ALIGN (0x4)

.ARM            0x000000000800b5d0        0x0
                0x000000000800b5d0                . = ALIGN (0x4)
                0x000000000800b5d0                __exidx_start = .
 *(.ARM.exidx*)
                0x000000000800b5d0                __exidx_end = .
                0x000000000800b5d0                . = ALIGN (0x4)

.preinit_array  0x000000000800b5d0        0x0
                0x000000000800b5d0                . = ALIGN (0x4)
                0x000000000800b5d0                PROVIDE (__preinit_array_start = .)
 *(.preinit_array*)
                0x000000000800b5d0                PROVIDE (__preinit_array_end = .)
                0x000000000800b5d0                . = ALIGN (0x4)

.init_array     0x000000000800b5d0        0x4
                0x000000000800b5d0                . = ALIGN (0x4)
                0x000000000800b5d0                PROVIDE (__init_array_start = .)
 *(SORT_BY_NAME(.init_array.*))
 *(.init_array*)
 .init_array    0x000000000800b5d0        0x4 d:/st/stm32cubeide_1.9.0/stm32cubeide/plugins/com.st.stm32cube.ide.mcu.externaltools.gnu-tools-for-stm32.10.3-2021.10.win32_1.0.0.202111181127/tools/bin/../lib/gcc/arm-none-eabi/10.3.1/thumb/v7-m/nofp/crtbegin.o
                0x000000000800b5d4                PROVIDE (__init_array_end = .)
                0x000000000800b5d4                . = ALIGN (0x4)

.fini_array     0x000000000800b5d4        0x4
                0x000000000800b5d4                . = ALIGN (0x4)
                [!provide]                        PROVIDE (__fini_array_start = .)
 *(SORT_BY_NAME(.fini_array.*))
 *(.fini_array*)
 .fini_array    0x000000000800b5d4        0x4 d:/st/stm32cubeide_1.9.0/stm32cubeide/plugins/com.st.stm32cube.ide.mcu.externaltools.gnu-tools-for-stm32.10.3-2021.10.win32_1.0.0.202111181127/tools/bin/../lib/gcc/arm-none-eabi/10.3.1/thumb/v7-m/nofp/crtbegin.o
                [!provide]                        PROVIDE (__fini_array_end = .)
                0x000000000800b5d8                . = ALIGN (0x4)
                0x000000000800b5d8                _sidata = LOADADDR (.data)

.data           0x0000000020000000      0x60c load address 0x000000000800b5d8
                0x0000000020000000                . = ALIGN (0x4)
                0x0000000020000000                _sdata = .
 *(.data)
 *(.data*)
 .data.SystemCoreClock
                0x0000000020000000        0x4 ./Core/Src/system_stm32f1xx.o
                0x0000000020000000                SystemCoreClock
 .data.uwTickPrio
                0x0000000020000004        0x4 ./Drivers/STM32F1xx_HAL_Driver/Src/stm32f1xx_hal.o
                0x0000000020000004                uwTickPrio
 .data.uwTickFreq
                0x0000000020000008        0x1 ./Drivers/STM32F1xx_HAL_Driver/Src/stm32f1xx_hal.o
                0x0000000020000008                uwTickFreq
 *fill*         0x0000000020000009        0x3 
 .data.ASCII_8x16
                0x000000002000000c      0x600 ./icode/oled/oled.o
                0x000000002000000c                ASCII_8x16
 *(.RamFunc)
 *(.RamFunc*)
                0x000000002000060c                . = ALIGN (0x4)
                0x000000002000060c                _edata = .

.igot.plt       0x000000002000060c        0x0 load address 0x000000000800bbe4
 .igot.plt      0x000000002000060c        0x0 d:/st/stm32cubeide_1.9.0/stm32cubeide/plugins/com.st.stm32cube.ide.mcu.externaltools.gnu-tools-for-stm32.10.3-2021.10.win32_1.0.0.202111181127/tools/bin/../lib/gcc/arm-none-eabi/10.3.1/thumb/v7-m/nofp/crtbegin.o
                0x000000002000060c                . = ALIGN (0x4)

.bss            0x000000002000060c      0x1e0 load address 0x000000000800bbe4
                0x000000002000060c                _sbss = .
                0x000000002000060c                __bss_start__ = _sbss
 *(.bss)
 .bss           0x000000002000060c       0x1c d:/st/stm32cubeide_1.9.0/stm32cubeide/plugins/com.st.stm32cube.ide.mcu.externaltools.gnu-tools-for-stm32.10.3-2021.10.win32_1.0.0.202111181127/tools/bin/../lib/gcc/arm-none-eabi/10.3.1/thumb/v7-m/nofp/crtbegin.o
 *(.bss*)
 .bss.hi2c1     0x0000000020000628       0x54 ./Core/Src/main.o
                0x0000000020000628                hi2c1
 .bss.hspi2     0x000000002000067c       0x58 ./Core/Src/main.o
                0x000000002000067c                hspi2
 .bss.huart1    0x00000000200006d4       0x44 ./Core/Src/main.o
                0x00000000200006d4                huart1
 .bss.USART1_NewData
                0x0000000020000718        0x1 ./Core/Src/main.o
                0x0000000020000718                USART1_NewData
 .bss.MENU      0x0000000020000719        0x1 ./Core/Src/main.o
                0x0000000020000719                MENU
 .bss.Block     0x000000002000071a        0x1 ./Core/Src/main.o
                0x000000002000071a                Block
 .bss.draw      0x000000002000071b        0x1 ./Core/Src/main.o
                0x000000002000071b                draw
 .bss.foundcard
                0x000000002000071c        0x1 ./Core/Src/main.o
                0x000000002000071c                foundcard
 *fill*         0x000000002000071d        0x1 
 .bss.temp      0x000000002000071e        0x2 ./Core/Src/main.o
                0x000000002000071e                temp
 .bss.frame     0x0000000020000720       0xc8 ./Core/Src/main.o
                0x0000000020000720                frame
 .bss.uwTick    0x00000000200007e8        0x4 ./Drivers/STM32F1xx_HAL_Driver/Src/stm32f1xx_hal.o
                0x00000000200007e8                uwTick
 *(COMMON)
                0x00000000200007ec                . = ALIGN (0x4)
                0x00000000200007ec                _ebss = .
                0x00000000200007ec                __bss_end__ = _ebss

._user_heap_stack
                0x00000000200007ec      0x604 load address 0x000000000800bbe4
                0x00000000200007f0                . = ALIGN (0x8)
 *fill*         0x00000000200007ec        0x4 
                [!provide]                        PROVIDE (end = .)
                0x00000000200007f0                PROVIDE (_end = .)
                0x00000000200009f0                . = (. + _Min_Heap_Size)
 *fill*         0x00000000200007f0      0x200 
                0x0000000020000df0                . = (. + _Min_Stack_Size)
 *fill*         0x00000000200009f0      0x400 
                0x0000000020000df0                . = ALIGN (0x8)

/DISCARD/
 libc.a(*)
 libm.a(*)
 libgcc.a(*)

.ARM.attributes
                0x0000000000000000       0x29
 *(.ARM.attributes)
 .ARM.attributes
                0x0000000000000000       0x1d d:/st/stm32cubeide_1.9.0/stm32cubeide/plugins/com.st.stm32cube.ide.mcu.externaltools.gnu-tools-for-stm32.10.3-2021.10.win32_1.0.0.202111181127/tools/bin/../lib/gcc/arm-none-eabi/10.3.1/thumb/v7-m/nofp/crti.o
 .ARM.attributes
                0x000000000000001d       0x2d d:/st/stm32cubeide_1.9.0/stm32cubeide/plugins/com.st.stm32cube.ide.mcu.externaltools.gnu-tools-for-stm32.10.3-2021.10.win32_1.0.0.202111181127/tools/bin/../lib/gcc/arm-none-eabi/10.3.1/thumb/v7-m/nofp/crtbegin.o
 .ARM.attributes
                0x000000000000004a       0x2d ./Core/Src/main.o
 .ARM.attributes
                0x0000000000000077       0x2d ./Core/Src/stm32f1xx_hal_msp.o
 .ARM.attributes
                0x00000000000000a4       0x2d ./Core/Src/stm32f1xx_it.o
 .ARM.attributes
                0x00000000000000d1       0x2d ./Core/Src/system_stm32f1xx.o
 .ARM.attributes
                0x00000000000000fe       0x21 ./Core/Startup/startup_stm32f103c8tx.o
 .ARM.attributes
                0x000000000000011f       0x2d ./Drivers/STM32F1xx_HAL_Driver/Src/stm32f1xx_hal.o
 .ARM.attributes
                0x000000000000014c       0x2d ./Drivers/STM32F1xx_HAL_Driver/Src/stm32f1xx_hal_cortex.o
 .ARM.attributes
                0x0000000000000179       0x2d ./Drivers/STM32F1xx_HAL_Driver/Src/stm32f1xx_hal_dma.o
 .ARM.attributes
                0x00000000000001a6       0x2d ./Drivers/STM32F1xx_HAL_Driver/Src/stm32f1xx_hal_gpio.o
 .ARM.attributes
                0x00000000000001d3       0x2d ./Drivers/STM32F1xx_HAL_Driver/Src/stm32f1xx_hal_i2c.o
 .ARM.attributes
                0x0000000000000200       0x2d ./Drivers/STM32F1xx_HAL_Driver/Src/stm32f1xx_hal_rcc.o
 .ARM.attributes
                0x000000000000022d       0x2d ./Drivers/STM32F1xx_HAL_Driver/Src/stm32f1xx_hal_spi.o
 .ARM.attributes
                0x000000000000025a       0x2d ./Drivers/STM32F1xx_HAL_Driver/Src/stm32f1xx_hal_uart.o
 .ARM.attributes
                0x0000000000000287       0x2d ./icode/card/card.o
 .ARM.attributes
                0x00000000000002b4       0x2d ./icode/key/key.o
 .ARM.attributes
                0x00000000000002e1       0x2d ./icode/led/led.o
 .ARM.attributes
                0x000000000000030e       0x2d ./icode/oled/oled.o
 .ARM.attributes
                0x000000000000033b       0x2d ./icode/usart/usart.o
 .ARM.attributes
                0x0000000000000368       0x2d d:/st/stm32cubeide_1.9.0/stm32cubeide/plugins/com.st.stm32cube.ide.mcu.externaltools.gnu-tools-for-stm32.10.3-2021.10.win32_1.0.0.202111181127/tools/bin/../lib/gcc/arm-none-eabi/10.3.1/../../../../arm-none-eabi/lib/thumb/v7-m/nofp\libc_nano.a(lib_a-init.o)
 .ARM.attributes
                0x0000000000000395       0x2d d:/st/stm32cubeide_1.9.0/stm32cubeide/plugins/com.st.stm32cube.ide.mcu.externaltools.gnu-tools-for-stm32.10.3-2021.10.win32_1.0.0.202111181127/tools/bin/../lib/gcc/arm-none-eabi/10.3.1/../../../../arm-none-eabi/lib/thumb/v7-m/nofp\libc_nano.a(lib_a-memset.o)
 .ARM.attributes
                0x00000000000003c2       0x1d d:/st/stm32cubeide_1.9.0/stm32cubeide/plugins/com.st.stm32cube.ide.mcu.externaltools.gnu-tools-for-stm32.10.3-2021.10.win32_1.0.0.202111181127/tools/bin/../lib/gcc/arm-none-eabi/10.3.1/thumb/v7-m/nofp/crtn.o
OUTPUT(memcard.elf elf32-littlearm)
LOAD linker stubs
LOAD d:/st/stm32cubeide_1.9.0/stm32cubeide/plugins/com.st.stm32cube.ide.mcu.externaltools.gnu-tools-for-stm32.10.3-2021.10.win32_1.0.0.202111181127/tools/bin/../lib/gcc/arm-none-eabi/10.3.1/../../../../arm-none-eabi/lib/thumb/v7-m/nofp\libc.a
LOAD d:/st/stm32cubeide_1.9.0/stm32cubeide/plugins/com.st.stm32cube.ide.mcu.externaltools.gnu-tools-for-stm32.10.3-2021.10.win32_1.0.0.202111181127/tools/bin/../lib/gcc/arm-none-eabi/10.3.1/../../../../arm-none-eabi/lib/thumb/v7-m/nofp\libm.a
LOAD d:/st/stm32cubeide_1.9.0/stm32cubeide/plugins/com.st.stm32cube.ide.mcu.externaltools.gnu-tools-for-stm32.10.3-2021.10.win32_1.0.0.202111181127/tools/bin/../lib/gcc/arm-none-eabi/10.3.1/thumb/v7-m/nofp\libgcc.a

.debug_info     0x0000000000000000     0xc2b8
 .debug_info    0x0000000000000000     0x13ac ./Core/Src/main.o
 .debug_info    0x00000000000013ac     0x101e ./Core/Src/stm32f1xx_hal_msp.o
 .debug_info    0x00000000000023ca      0x632 ./Core/Src/stm32f1xx_it.o
 .debug_info    0x00000000000029fc      0x23d ./Core/Src/system_stm32f1xx.o
 .debug_info    0x0000000000002c39       0x22 ./Core/Startup/startup_stm32f103c8tx.o
 .debug_info    0x0000000000002c5b      0x734 ./Drivers/STM32F1xx_HAL_Driver/Src/stm32f1xx_hal.o
 .debug_info    0x000000000000338f      0xb20 ./Drivers/STM32F1xx_HAL_Driver/Src/stm32f1xx_hal_cortex.o
 .debug_info    0x0000000000003eaf      0x73f ./Drivers/STM32F1xx_HAL_Driver/Src/stm32f1xx_hal_dma.o
 .debug_info    0x00000000000045ee      0x615 ./Drivers/STM32F1xx_HAL_Driver/Src/stm32f1xx_hal_gpio.o
 .debug_info    0x0000000000004c03     0x2734 ./Drivers/STM32F1xx_HAL_Driver/Src/stm32f1xx_hal_i2c.o
 .debug_info    0x0000000000007337      0x860 ./Drivers/STM32F1xx_HAL_Driver/Src/stm32f1xx_hal_rcc.o
 .debug_info    0x0000000000007b97     0x1658 ./Drivers/STM32F1xx_HAL_Driver/Src/stm32f1xx_hal_spi.o
 .debug_info    0x00000000000091ef     0x15d8 ./Drivers/STM32F1xx_HAL_Driver/Src/stm32f1xx_hal_uart.o
 .debug_info    0x000000000000a7c7      0x755 ./icode/card/card.o
 .debug_info    0x000000000000af1c      0x1e3 ./icode/key/key.o
 .debug_info    0x000000000000b0ff      0x22e ./icode/led/led.o
 .debug_info    0x000000000000b32d      0x9c4 ./icode/oled/oled.o
 .debug_info    0x000000000000bcf1      0x5c7 ./icode/usart/usart.o

.debug_abbrev   0x0000000000000000     0x21c6
 .debug_abbrev  0x0000000000000000      0x304 ./Core/Src/main.o
 .debug_abbrev  0x0000000000000304      0x1df ./Core/Src/stm32f1xx_hal_msp.o
 .debug_abbrev  0x00000000000004e3      0x174 ./Core/Src/stm32f1xx_it.o
 .debug_abbrev  0x0000000000000657      0x13b ./Core/Src/system_stm32f1xx.o
 .debug_abbrev  0x0000000000000792       0x12 ./Core/Startup/startup_stm32f103c8tx.o
 .debug_abbrev  0x00000000000007a4      0x1fb ./Drivers/STM32F1xx_HAL_Driver/Src/stm32f1xx_hal.o
 .debug_abbrev  0x000000000000099f      0x2ed ./Drivers/STM32F1xx_HAL_Driver/Src/stm32f1xx_hal_cortex.o
 .debug_abbrev  0x0000000000000c8c      0x1fe ./Drivers/STM32F1xx_HAL_Driver/Src/stm32f1xx_hal_dma.o
 .debug_abbrev  0x0000000000000e8a      0x1bb ./Drivers/STM32F1xx_HAL_Driver/Src/stm32f1xx_hal_gpio.o
 .debug_abbrev  0x0000000000001045      0x288 ./Drivers/STM32F1xx_HAL_Driver/Src/stm32f1xx_hal_i2c.o
 .debug_abbrev  0x00000000000012cd      0x2a8 ./Drivers/STM32F1xx_HAL_Driver/Src/stm32f1xx_hal_rcc.o
 .debug_abbrev  0x0000000000001575      0x26e ./Drivers/STM32F1xx_HAL_Driver/Src/stm32f1xx_hal_spi.o
 .debug_abbrev  0x00000000000017e3      0x278 ./Drivers/STM32F1xx_HAL_Driver/Src/stm32f1xx_hal_uart.o
 .debug_abbrev  0x0000000000001a5b      0x1d1 ./icode/card/card.o
 .debug_abbrev  0x0000000000001c2c      0x126 ./icode/key/key.o
 .debug_abbrev  0x0000000000001d52      0x13c ./icode/led/led.o
 .debug_abbrev  0x0000000000001e8e      0x1e7 ./icode/oled/oled.o
 .debug_abbrev  0x0000000000002075      0x151 ./icode/usart/usart.o

.debug_aranges  0x0000000000000000      0xc58
 .debug_aranges
                0x0000000000000000       0x60 ./Core/Src/main.o
 .debug_aranges
                0x0000000000000060       0x50 ./Core/Src/stm32f1xx_hal_msp.o
 .debug_aranges
                0x00000000000000b0       0x70 ./Core/Src/stm32f1xx_it.o
 .debug_aranges
                0x0000000000000120       0x28 ./Core/Src/system_stm32f1xx.o
 .debug_aranges
                0x0000000000000148       0x28 ./Core/Startup/startup_stm32f103c8tx.o
 .debug_aranges
                0x0000000000000170       0xe0 ./Drivers/STM32F1xx_HAL_Driver/Src/stm32f1xx_hal.o
 .debug_aranges
                0x0000000000000250      0x100 ./Drivers/STM32F1xx_HAL_Driver/Src/stm32f1xx_hal_cortex.o
 .debug_aranges
                0x0000000000000350       0x80 ./Drivers/STM32F1xx_HAL_Driver/Src/stm32f1xx_hal_dma.o
 .debug_aranges
                0x00000000000003d0       0x58 ./Drivers/STM32F1xx_HAL_Driver/Src/stm32f1xx_hal_gpio.o
 .debug_aranges
                0x0000000000000428      0x2a0 ./Drivers/STM32F1xx_HAL_Driver/Src/stm32f1xx_hal_i2c.o
 .debug_aranges
                0x00000000000006c8       0x90 ./Drivers/STM32F1xx_HAL_Driver/Src/stm32f1xx_hal_rcc.o
 .debug_aranges
                0x0000000000000758      0x1d0 ./Drivers/STM32F1xx_HAL_Driver/Src/stm32f1xx_hal_spi.o
 .debug_aranges
                0x0000000000000928      0x200 ./Drivers/STM32F1xx_HAL_Driver/Src/stm32f1xx_hal_uart.o
 .debug_aranges
                0x0000000000000b28       0x30 ./icode/card/card.o
 .debug_aranges
                0x0000000000000b58       0x28 ./icode/key/key.o
 .debug_aranges
                0x0000000000000b80       0x40 ./icode/led/led.o
 .debug_aranges
                0x0000000000000bc0       0x78 ./icode/oled/oled.o
 .debug_aranges
                0x0000000000000c38       0x20 ./icode/usart/usart.o

.debug_ranges   0x0000000000000000      0xb98
 .debug_ranges  0x0000000000000000       0x50 ./Core/Src/main.o
 .debug_ranges  0x0000000000000050       0x40 ./Core/Src/stm32f1xx_hal_msp.o
 .debug_ranges  0x0000000000000090       0x60 ./Core/Src/stm32f1xx_it.o
 .debug_ranges  0x00000000000000f0       0x18 ./Core/Src/system_stm32f1xx.o
 .debug_ranges  0x0000000000000108       0x20 ./Core/Startup/startup_stm32f103c8tx.o
 .debug_ranges  0x0000000000000128       0xd0 ./Drivers/STM32F1xx_HAL_Driver/Src/stm32f1xx_hal.o
 .debug_ranges  0x00000000000001f8       0xf0 ./Drivers/STM32F1xx_HAL_Driver/Src/stm32f1xx_hal_cortex.o
 .debug_ranges  0x00000000000002e8       0x70 ./Drivers/STM32F1xx_HAL_Driver/Src/stm32f1xx_hal_dma.o
 .debug_ranges  0x0000000000000358       0x48 ./Drivers/STM32F1xx_HAL_Driver/Src/stm32f1xx_hal_gpio.o
 .debug_ranges  0x00000000000003a0      0x2b8 ./Drivers/STM32F1xx_HAL_Driver/Src/stm32f1xx_hal_i2c.o
 .debug_ranges  0x0000000000000658       0x80 ./Drivers/STM32F1xx_HAL_Driver/Src/stm32f1xx_hal_rcc.o
 .debug_ranges  0x00000000000006d8      0x1c0 ./Drivers/STM32F1xx_HAL_Driver/Src/stm32f1xx_hal_spi.o
 .debug_ranges  0x0000000000000898      0x220 ./Drivers/STM32F1xx_HAL_Driver/Src/stm32f1xx_hal_uart.o
 .debug_ranges  0x0000000000000ab8       0x20 ./icode/card/card.o
 .debug_ranges  0x0000000000000ad8       0x18 ./icode/key/key.o
 .debug_ranges  0x0000000000000af0       0x30 ./icode/led/led.o
 .debug_ranges  0x0000000000000b20       0x68 ./icode/oled/oled.o
 .debug_ranges  0x0000000000000b88       0x10 ./icode/usart/usart.o

.debug_macro    0x0000000000000000    0x17aee
 .debug_macro   0x0000000000000000      0x2b7 ./Core/Src/main.o
 .debug_macro   0x00000000000002b7      0xa6c ./Core/Src/main.o
 .debug_macro   0x0000000000000d23      0x221 ./Core/Src/main.o
 .debug_macro   0x0000000000000f44       0x2e ./Core/Src/main.o
 .debug_macro   0x0000000000000f72       0x22 ./Core/Src/main.o
 .debug_macro   0x0000000000000f94       0x22 ./Core/Src/main.o
 .debug_macro   0x0000000000000fb6       0x8e ./Core/Src/main.o
 .debug_macro   0x0000000000001044       0x51 ./Core/Src/main.o
 .debug_macro   0x0000000000001095      0x103 ./Core/Src/main.o
 .debug_macro   0x0000000000001198       0x6a ./Core/Src/main.o
 .debug_macro   0x0000000000001202      0x1df ./Core/Src/main.o
 .debug_macro   0x00000000000013e1       0x1c ./Core/Src/main.o
 .debug_macro   0x00000000000013fd       0x22 ./Core/Src/main.o
 .debug_macro   0x000000000000141f       0xbd ./Core/Src/main.o
 .debug_macro   0x00000000000014dc      0xd23 ./Core/Src/main.o
 .debug_macro   0x00000000000021ff     0xe09e ./Core/Src/main.o
 .debug_macro   0x000000000001029d       0x6d ./Core/Src/main.o
 .debug_macro   0x000000000001030a     0x3468 ./Core/Src/main.o
 .debug_macro   0x0000000000013772      0x174 ./Core/Src/main.o
 .debug_macro   0x00000000000138e6       0x5c ./Core/Src/main.o
 .debug_macro   0x0000000000013942      0x5be ./Core/Src/main.o
 .debug_macro   0x0000000000013f00      0x289 ./Core/Src/main.o
 .debug_macro   0x0000000000014189      0x1cb ./Core/Src/main.o
 .debug_macro   0x0000000000014354      0x114 ./Core/Src/main.o
 .debug_macro   0x0000000000014468      0x1b2 ./Core/Src/main.o
 .debug_macro   0x000000000001461a       0x27 ./Core/Src/main.o
 .debug_macro   0x0000000000014641      0x136 ./Core/Src/main.o
 .debug_macro   0x0000000000014777      0x1bc ./Core/Src/main.o
 .debug_macro   0x0000000000014933       0x34 ./Core/Src/main.o
 .debug_macro   0x0000000000014967       0x3c ./Core/Src/main.o
 .debug_macro   0x00000000000149a3       0x57 ./Core/Src/main.o
 .debug_macro   0x00000000000149fa       0x88 ./Core/Src/main.o
 .debug_macro   0x0000000000014a82      0x241 ./Core/Src/main.o
 .debug_macro   0x0000000000014cc3      0x287 ./Core/Src/main.o
 .debug_macro   0x0000000000014f4a      0x141 ./Core/Src/main.o
 .debug_macro   0x000000000001508b      0x217 ./Core/Src/main.o
 .debug_macro   0x00000000000152a2      0x279 ./Core/Src/main.o
 .debug_macro   0x000000000001551b       0x83 ./Core/Src/main.o
 .debug_macro   0x000000000001559e       0x52 ./Core/Src/main.o
 .debug_macro   0x00000000000155f0       0x1c ./Core/Src/main.o
 .debug_macro   0x000000000001560c       0x64 ./Core/Src/main.o
 .debug_macro   0x0000000000015670       0x52 ./Core/Src/main.o
 .debug_macro   0x00000000000156c2       0x18 ./Core/Src/main.o
 .debug_macro   0x00000000000156da       0x3c ./Core/Src/main.o
 .debug_macro   0x0000000000015716       0x34 ./Core/Src/main.o
 .debug_macro   0x000000000001574a       0x16 ./Core/Src/main.o
 .debug_macro   0x0000000000015760       0x43 ./Core/Src/main.o
 .debug_macro   0x00000000000157a3       0x34 ./Core/Src/main.o
 .debug_macro   0x00000000000157d7       0x10 ./Core/Src/main.o
 .debug_macro   0x00000000000157e7       0x58 ./Core/Src/main.o
 .debug_macro   0x000000000001583f       0x71 ./Core/Src/main.o
 .debug_macro   0x00000000000158b0       0x1c ./Core/Src/main.o
 .debug_macro   0x00000000000158cc      0x12a ./Core/Src/main.o
 .debug_macro   0x00000000000159f6      0x341 ./Core/Src/main.o
 .debug_macro   0x0000000000015d37       0x10 ./Core/Src/main.o
 .debug_macro   0x0000000000015d47       0x35 ./Core/Src/main.o
 .debug_macro   0x0000000000015d7c       0x20 ./Core/Src/main.o
 .debug_macro   0x0000000000015d9c      0x1b1 ./Core/Src/stm32f1xx_hal_msp.o
 .debug_macro   0x0000000000015f4d      0x1bb ./Core/Src/stm32f1xx_it.o
 .debug_macro   0x0000000000016108      0x1a2 ./Core/Src/system_stm32f1xx.o
 .debug_macro   0x00000000000162aa      0x1c6 ./Drivers/STM32F1xx_HAL_Driver/Src/stm32f1xx_hal.o
 .debug_macro   0x0000000000016470      0x1a2 ./Drivers/STM32F1xx_HAL_Driver/Src/stm32f1xx_hal_cortex.o
 .debug_macro   0x0000000000016612      0x1a2 ./Drivers/STM32F1xx_HAL_Driver/Src/stm32f1xx_hal_dma.o
 .debug_macro   0x00000000000167b4      0x20d ./Drivers/STM32F1xx_HAL_Driver/Src/stm32f1xx_hal_gpio.o
 .debug_macro   0x00000000000169c1      0x1e9 ./Drivers/STM32F1xx_HAL_Driver/Src/stm32f1xx_hal_i2c.o
 .debug_macro   0x0000000000016baa      0x1b4 ./Drivers/STM32F1xx_HAL_Driver/Src/stm32f1xx_hal_rcc.o
 .debug_macro   0x0000000000016d5e      0x1aa ./Drivers/STM32F1xx_HAL_Driver/Src/stm32f1xx_hal_spi.o
 .debug_macro   0x0000000000016f08      0x1a3 ./Drivers/STM32F1xx_HAL_Driver/Src/stm32f1xx_hal_uart.o
 .debug_macro   0x00000000000170ab      0x1ba ./icode/card/card.o
 .debug_macro   0x0000000000017265       0x58 ./icode/card/card.o
 .debug_macro   0x00000000000172bd       0x5e ./icode/card/card.o
 .debug_macro   0x000000000001731b      0x1b5 ./icode/key/key.o
 .debug_macro   0x00000000000174d0      0x1b5 ./icode/led/led.o
 .debug_macro   0x0000000000017685      0x1c8 ./icode/oled/oled.o
 .debug_macro   0x000000000001784d      0x2a1 ./icode/usart/usart.o

.debug_line     0x0000000000000000     0xefb2
 .debug_line    0x0000000000000000      0xc0b ./Core/Src/main.o
 .debug_line    0x0000000000000c0b      0x75e ./Core/Src/stm32f1xx_hal_msp.o
 .debug_line    0x0000000000001369      0x75d ./Core/Src/stm32f1xx_it.o
 .debug_line    0x0000000000001ac6      0x6e9 ./Core/Src/system_stm32f1xx.o
 .debug_line    0x00000000000021af       0x87 ./Core/Startup/startup_stm32f103c8tx.o
 .debug_line    0x0000000000002236      0x916 ./Drivers/STM32F1xx_HAL_Driver/Src/stm32f1xx_hal.o
 .debug_line    0x0000000000002b4c      0xafe ./Drivers/STM32F1xx_HAL_Driver/Src/stm32f1xx_hal_cortex.o
 .debug_line    0x000000000000364a      0xd6e ./Drivers/STM32F1xx_HAL_Driver/Src/stm32f1xx_hal_dma.o
 .debug_line    0x00000000000043b8      0x9ad ./Drivers/STM32F1xx_HAL_Driver/Src/stm32f1xx_hal_gpio.o
 .debug_line    0x0000000000004d65     0x3a00 ./Drivers/STM32F1xx_HAL_Driver/Src/stm32f1xx_hal_i2c.o
 .debug_line    0x0000000000008765      0xd24 ./Drivers/STM32F1xx_HAL_Driver/Src/stm32f1xx_hal_rcc.o
 .debug_line    0x0000000000009489     0x1b9b ./Drivers/STM32F1xx_HAL_Driver/Src/stm32f1xx_hal_spi.o
 .debug_line    0x000000000000b024     0x19f1 ./Drivers/STM32F1xx_HAL_Driver/Src/stm32f1xx_hal_uart.o
 .debug_line    0x000000000000ca15      0x6f5 ./icode/card/card.o
 .debug_line    0x000000000000d10a      0x6c4 ./icode/key/key.o
 .debug_line    0x000000000000d7ce      0x713 ./icode/led/led.o
 .debug_line    0x000000000000dee1      0x8e6 ./icode/oled/oled.o
 .debug_line    0x000000000000e7c7      0x7eb ./icode/usart/usart.o

.debug_str      0x0000000000000000    0x85592
 .debug_str     0x0000000000000000    0x82d7d ./Core/Src/main.o
                                      0x83213 (size before relaxing)
 .debug_str     0x0000000000082d7d       0xf6 ./Core/Src/stm32f1xx_hal_msp.o
                                      0x8001d (size before relaxing)
 .debug_str     0x0000000000082e73      0x11d ./Core/Src/stm32f1xx_it.o
                                      0x7f8b8 (size before relaxing)
 .debug_str     0x0000000000082f90       0x7e ./Core/Src/system_stm32f1xx.o
                                      0x7f384 (size before relaxing)
 .debug_str     0x000000000008300e       0x36 ./Core/Startup/startup_stm32f103c8tx.o
                                         0x49 (size before relaxing)
 .debug_str     0x0000000000083044      0x37a ./Drivers/STM32F1xx_HAL_Driver/Src/stm32f1xx_hal.o
                                      0x7fab7 (size before relaxing)
 .debug_str     0x00000000000833be      0x294 ./Drivers/STM32F1xx_HAL_Driver/Src/stm32f1xx_hal_cortex.o
                                      0x7fa03 (size before relaxing)
 .debug_str     0x0000000000083652      0x235 ./Drivers/STM32F1xx_HAL_Driver/Src/stm32f1xx_hal_dma.o
                                      0x7f72d (size before relaxing)
 .debug_str     0x0000000000083887      0x2a8 ./Drivers/STM32F1xx_HAL_Driver/Src/stm32f1xx_hal_gpio.o
                                      0x7f70a (size before relaxing)
 .debug_str     0x0000000000083b2f      0xb4f ./Drivers/STM32F1xx_HAL_Driver/Src/stm32f1xx_hal_i2c.o
                                      0x803f8 (size before relaxing)
 .debug_str     0x000000000008467e      0x209 ./Drivers/STM32F1xx_HAL_Driver/Src/stm32f1xx_hal_rcc.o
                                      0x7f7b3 (size before relaxing)
 .debug_str     0x0000000000084887      0x521 ./Drivers/STM32F1xx_HAL_Driver/Src/stm32f1xx_hal_spi.o
                                      0x7fcb0 (size before relaxing)
 .debug_str     0x0000000000084da8      0x5c2 ./Drivers/STM32F1xx_HAL_Driver/Src/stm32f1xx_hal_uart.o
                                      0x7fdbe (size before relaxing)
 .debug_str     0x000000000008536a       0x4b ./icode/card/card.o
                                      0x7f979 (size before relaxing)
 .debug_str     0x00000000000853b5       0x13 ./icode/key/key.o
                                      0x7f463 (size before relaxing)
 .debug_str     0x00000000000853c8       0x2e ./icode/led/led.o
                                      0x7f49d (size before relaxing)
 .debug_str     0x00000000000853f6      0x118 ./icode/oled/oled.o
                                      0x7fa47 (size before relaxing)
 .debug_str     0x000000000008550e       0x84 ./icode/usart/usart.o
                                      0x8266a (size before relaxing)

.comment        0x0000000000000000       0x50
 .comment       0x0000000000000000       0x50 ./Core/Src/main.o
                                         0x51 (size before relaxing)
 .comment       0x0000000000000050       0x51 ./Core/Src/stm32f1xx_hal_msp.o
 .comment       0x0000000000000050       0x51 ./Core/Src/stm32f1xx_it.o
 .comment       0x0000000000000050       0x51 ./Core/Src/system_stm32f1xx.o
 .comment       0x0000000000000050       0x51 ./Drivers/STM32F1xx_HAL_Driver/Src/stm32f1xx_hal.o
 .comment       0x0000000000000050       0x51 ./Drivers/STM32F1xx_HAL_Driver/Src/stm32f1xx_hal_cortex.o
 .comment       0x0000000000000050       0x51 ./Drivers/STM32F1xx_HAL_Driver/Src/stm32f1xx_hal_dma.o
 .comment       0x0000000000000050       0x51 ./Drivers/STM32F1xx_HAL_Driver/Src/stm32f1xx_hal_gpio.o
 .comment       0x0000000000000050       0x51 ./Drivers/STM32F1xx_HAL_Driver/Src/stm32f1xx_hal_i2c.o
 .comment       0x0000000000000050       0x51 ./Drivers/STM32F1xx_HAL_Driver/Src/stm32f1xx_hal_rcc.o
 .comment       0x0000000000000050       0x51 ./Drivers/STM32F1xx_HAL_Driver/Src/stm32f1xx_hal_spi.o
 .comment       0x0000000000000050       0x51 ./Drivers/STM32F1xx_HAL_Driver/Src/stm32f1xx_hal_uart.o
 .comment       0x0000000000000050       0x51 ./icode/card/card.o
 .comment       0x0000000000000050       0x51 ./icode/key/key.o
 .comment       0x0000000000000050       0x51 ./icode/led/led.o
 .comment       0x0000000000000050       0x51 ./icode/oled/oled.o
 .comment       0x0000000000000050       0x51 ./icode/usart/usart.o

.debug_frame    0x0000000000000000     0x3200
 .debug_frame   0x0000000000000000      0x130 ./Core/Src/main.o
 .debug_frame   0x0000000000000130      0x110 ./Core/Src/stm32f1xx_hal_msp.o
 .debug_frame   0x0000000000000240      0x13c ./Core/Src/stm32f1xx_it.o
 .debug_frame   0x000000000000037c       0x58 ./Core/Src/system_stm32f1xx.o
 .debug_frame   0x00000000000003d4      0x334 ./Drivers/STM32F1xx_HAL_Driver/Src/stm32f1xx_hal.o
 .debug_frame   0x0000000000000708      0x428 ./Drivers/STM32F1xx_HAL_Driver/Src/stm32f1xx_hal_cortex.o
 .debug_frame   0x0000000000000b30      0x208 ./Drivers/STM32F1xx_HAL_Driver/Src/stm32f1xx_hal_dma.o
 .debug_frame   0x0000000000000d38      0x14c ./Drivers/STM32F1xx_HAL_Driver/Src/stm32f1xx_hal_gpio.o
 .debug_frame   0x0000000000000e84      0xc5c ./Drivers/STM32F1xx_HAL_Driver/Src/stm32f1xx_hal_i2c.o
 .debug_frame   0x0000000000001ae0      0x21c ./Drivers/STM32F1xx_HAL_Driver/Src/stm32f1xx_hal_rcc.o
 .debug_frame   0x0000000000001cfc      0x824 ./Drivers/STM32F1xx_HAL_Driver/Src/stm32f1xx_hal_spi.o
 .debug_frame   0x0000000000002520      0x914 ./Drivers/STM32F1xx_HAL_Driver/Src/stm32f1xx_hal_uart.o
 .debug_frame   0x0000000000002e34       0x80 ./icode/card/card.o
 .debug_frame   0x0000000000002eb4       0x58 ./icode/key/key.o
 .debug_frame   0x0000000000002f0c       0xb4 ./icode/led/led.o
 .debug_frame   0x0000000000002fc0      0x1bc ./icode/oled/oled.o
 .debug_frame   0x000000000000317c       0x38 ./icode/usart/usart.o
 .debug_frame   0x00000000000031b4       0x2c d:/st/stm32cubeide_1.9.0/stm32cubeide/plugins/com.st.stm32cube.ide.mcu.externaltools.gnu-tools-for-stm32.10.3-2021.10.win32_1.0.0.202111181127/tools/bin/../lib/gcc/arm-none-eabi/10.3.1/../../../../arm-none-eabi/lib/thumb/v7-m/nofp\libc_nano.a(lib_a-init.o)
 .debug_frame   0x00000000000031e0       0x20 d:/st/stm32cubeide_1.9.0/stm32cubeide/plugins/com.st.stm32cube.ide.mcu.externaltools.gnu-tools-for-stm32.10.3-2021.10.win32_1.0.0.202111181127/tools/bin/../lib/gcc/arm-none-eabi/10.3.1/../../../../arm-none-eabi/lib/thumb/v7-m/nofp\libc_nano.a(lib_a-memset.o)
